data/processed/21754_timeseries.csv
date,day_of_week,day_of_year,price,demand,revenue,seasonal
2020-08-24,0,237,53.15757417394469,131,6963.642216786754,0.7232524134349928
2020-08-25,1,238,52.95836352534693,123,6513.8787136176725,0.7555829047585757
2020-08-26,2,239,53.07688847439932,167,8863.840375224687,0.881904521941358
2020-08-27,3,240,53.08846342098561,195,10352.250367092194,1.0082759586276187
2020-08-28,4,241,52.96909325561007,178,9428.498599498593,1.0407558936990404
2020-08-29,5,242,53.12211957624322,162,8605.783371351401,0.9561424078362726
2020-08-30,6,243,53.048393181800876,142,7532.871831815724,0.819444176686053
2020-08-31,0,244,53.07473435672641,128,6793.56599766098,0.7349272759279633
2020-09-01,1,245,52.987978640358,142,7524.292966930836,0.7676003525884776
2020-09-02,2,246,52.77581111973207,170,8971.887890354452,0.8942614301162356
2020-09-03,3,247,52.63237571080551,205,10789.63702071513,1.0209691015660898
2020-09-04,4,248,52.58522861602468,160,8413.636578563948,1.053781946186105
2020-09-05,5,249,52.67966114972725,173,9113.581378902814,0.9694979460086542
2020-09-06,6,250,52.71609008999745,132,6958.523891879663,0.8331256790467457
2020-09-07,0,251,52.730829009531554,133,7013.200258267697,0.7489311243897387
2020-09-08,1,252,52.5195269252071,153,8035.487619556687,0.7819228335460056
2020-09-09,2,253,52.653043423806224,170,8951.017382047057,0.9088987355464991
2020-09-10,3,254,52.67655752160058,150,7901.483628240087,1.0359173301567877
2020-09-11,4,255,52.66400386200513,181,9532.18469902293,1.0690371044916849
2020-09-12,5,256,52.7830486755043,179,9448.16571291527,0.9850559496336747
2020-09-13,6,257,52.914190484151646,129,6825.9305724555625,0.8489823538561587
2020-09-14,0,258,53.03556559516994,139,7371.943617728622,0.7650822077457788
2020-09-15,1,259,53.0095908816033,145,7686.390677832479,0.7983639755712972
2020-09-16,2,260,52.90410144132642,168,8887.889042142839,0.9256255004130266
2020-09-17,3,261,53.0080609447998,199,10548.60412801516,1.0529251974003249
2020-09-18,4,262,52.86456100192676,185,9779.94378535645,1.0863214703513044
2020-09-19,5,263,53.06926436169089,188,9977.021699997887,1.002612128415935
2020-09-20,6,264,53.07220778505125,173,9181.491946813865,0.8668055793235897
2020-09-21,0,265,52.96068341995312,157,8314.82729693264,0.7831676345292128
2020-09-22,1,266,52.83118450652447,153,8083.171229498244,0.816706680605658
2020-09-23,2,267,52.69687761481252,156,8220.712907910753,0.9442204843961431
2020-09-24,3,268,52.71163312086445,215,11333.001120985857,1.071767386274315
2020-09-25,4,269,52.710961134799675,200,10542.192226959934,1.1054057168061557
2020-09-26,5,270,52.58103608881017,197,10358.464109495604,1.0219332134147496
2020-09-27,6,271,52.54356404125397,157,8249.339554476874,0.886358213649091
2020-09-28,0,272,52.39976124221206,150,7859.964186331808,0.8029464603510621
2020-09-29,1,273,52.461710987819096,129,6767.560717428663,0.8367062730681017
2020-09-30,2,274,52.455971926928015,164,8602.779396016194,0.9644353532254976
2020-10-01,3,275,52.41619275309518,196,10273.573779606655,1.0921919774058704
2020-10-02,4,276,52.28078143883062,191,9985.62925481665,1.126034414029955
2020-10-03,5,277,52.24922789039624,185,9666.107159723304,1.0427603400397967
2020-10-04,6,278,52.20563004887192,164,8561.723328014994,0.9073780341854755
2020-10-05,0,279,52.2390307412064,129,6738.834965615625,0.82415318220951
2020-10-06,1,280,52.25658833419489,124,6479.816953440166,0.8580940482764396
2020-10-07,2,281,52.33985283692399,178,9316.49380497247,0.9859982801615408
2020-10-08,3,282,52.28891222670614,206,10771.515918701465,1.1139241025461986
2020-10-09,4,283,52.09333838301016,225,11721.001136177287,1.1479297337140675
2020-10-10,5,284,52.197526001237165,198,10335.11014824496,1.0648128022491217
2020-10-11,6,285,52.0991265470384,183,9534.140158108028,0.9295815403367257
2020-10-12,0,286,51.982763031517656,168,8733.104189294967,0.846501588961816
2020-10-13,1,287,51.9782304491052,162,8420.473332755042,0.8805811693517598
2020-10-14,2,288,52.010006325563005,188,9777.881189205846,1.008617888177777
2020-10-15,3,289,51.95420269495934,194,10079.115322822112,1.1366699308625274
2020-10-16,4,290,51.89757318145589,224,11625.05639264612,1.1707954782878522
2020-10-17,5,291,51.856466942399955,224,11615.84859509759,1.087792123503963
2020-10-18,6,292,52.005379288333685,165,8580.887582575058,0.9526680650409876
2020-10-19,0,293,52.00509775713649,169,8788.861520956067,0.8696889121171819
2020-10-20,1,294,51.903341660248834,155,8045.017957338569,0.9038628560911434
2020-10-21,2,295,51.802655670984414,169,8754.648808396367,1.0319874756721437
2020-10-22,3,296,51.7762817299152,201,10407.032627712955,1.1601209302359305
2020-10-23,4,297,51.801286300332286,231,11966.097135376758,1.1943213765402576
2020-10-24,5,298,51.8521642165549,188,9748.20687271232,1.111386385441179
2020-10-25,6,299,51.86521626195112,174,9024.547629579494,0.9763241352112052
2020-10-26,0,300,51.77671519272548,166,8594.93472199243,0.8934002167534523
2020-10-27,1,301,51.73214880009746,158,8173.679510415399,0.9276228050593687
2020-10-28,2,302,51.809300110549785,177,9170.246119567311,1.0557894644238575
2020-10-29,3,303,51.68881837321897,205,10596.20776650989,1.1839583417653736
2020-10-30,4,304,51.639856527309576,203,10482.890875043844,1.2181875833451365
2020-10-31,5,305,51.702664195098926,220,11374.586122921764,1.135274751486537
2020-11-01,6,306,51.794677253887606,185,9582.015291969206,1.0002280178958138
2020-11-02,0,307,51.77439722412654,163,8439.226747532626,0.9173129688781926
2020-11-03,1,308,51.73116953154221,146,7552.750751605162,0.9515377767968983
2020-11-04,2,309,51.59218324419541,192,9905.699182885519,1.0797000052891172
2020-11-05,3,310,51.64744059987529,191,9864.66115457618,1.207857802586258
2020-11-06,4,311,51.78607595646592,215,11134.006330640173,1.242069318232815
2020-11-07,5,312,52.055735135803594,185,9630.311000123666,1.1591321198047506
2020-11-08,6,313,52.09635989296245,171,8908.477541696579,1.024054386228636
2020-11-09,0,314,52.09101122196886,159,8282.47078429305,0.9411017129956634
2020-11-10,1,315,51.99431707829479,180,9358.977074093062,0.9752822836179266
2020-11-11,2,316,51.7968041797013,188,9737.799185783844,1.1033936748410795
2020-11-12,3,317,51.81540683863364,206,10673.97380875853,1.231494049960718
2020-11-13,4,318,52.06248381873987,212,11037.246569572853,1.265641575536749
2020-11-14,5,319,52.19607664595924,217,11326.548632173155,1.1826338381067794
2020-11-15,6,320,52.31345431513961,182,9521.048685355408,1.0474790374996268
2020-11-16,0,321,52.339273058411116,181,9473.408423572411,0.9644427920430815
2020-11-17,1,322,52.37706756047194,170,8904.101485280231,0.9985333100135122
2020-11-18,2,323,52.12227361911876,195,10163.843355728157,1.1265481948410963
2020-11-19,3,324,52.20243175884365,203,10597.093647045262,1.2545456384183773
2020-11-20,4,325,52.141529177953785,211,11001.862656548248,1.288583837806093
2020-11-21,5,326,52.067760813138634,227,11819.381704582469,1.2054604119375574
2020-11-22,6,327,52.0337787587735,211,10979.12731810121,1.070183594922567
2020-11-23,0,328,51.99624902939039,173,8995.351082084539,0.9870190412450054
2020-11-24,1,329,51.92080832665918,160,8307.329332265468,1.0209749972017441
2020-11-25,2,330,51.92226661396405,192,9969.075189881098,1.1488491060965942
2020-11-26,3,331,51.86357825646311,230,11928.622998986515,1.2766996015370227
2020-11-27,4,332,51.87412460389485,236,12242.293406519184,1.3105847241276949
2020-11-28,5,333,51.71778656733276,231,11946.808697053868,1.2273021381618703
2020-11-29,6,334,51.695283964588114,209,10804.314348598917,1.0918601249119266
2020-11-30,0,335,51.580037019464015,165,8510.706108211563,1.0085243878129584
2020-12-01,1,336,51.51260532029064,175,9014.705931050861,1.0423032238871648
2020-12-02,2,337,51.52767997602165,199,10254.00831522831,1.1699943289228114
2020-12-03,3,338,51.35906137824023,239,12274.815669399415,1.2976559907553586
2020-12-04,4,339,51.27260664945192,245,12561.788629115721,1.3313465059449445
2020-12-05,5,340,51.33241844460433,236,12114.450752926621,1.247863596451208
2020-12-06,6,341,51.18385957898059,202,10339.13963495408,1.1122156029066759
2020-12-07,0,342,51.37075603161732,185,9503.589865849204,1.028668289782899
2020-12-08,1,343,51.49736817795181,200,10299.473635590362,1.062230016796594
2020-12-09,2,344,51.44538152736193,202,10391.96706852711,1.1896985440701284
2020-12-10,3,345,51.36262691944155,232,11916.12944531044,1.3171322253935536
2020-12-11,4,346,51.38385564386316,236,12126.589931951705,1.350589424882555
2020-12-12,5,347,51.23169266439467,254,13012.849936756247,1.266867933633252
2020-12-13,6,348,51.02121947184501,226,11530.795600636971,1.130976162975106
2020-12-14,0,349,50.97293233985863,174,8869.290227135401,1.047179949616065
2020-12-15,1,350,50.958840601296174,210,10701.356526272197,1.0804877270273667
2020-12-16,2,351,50.96876716603444,234,11926.691516852059,1.2076973305821201
2020-12-17,3,352,50.90414319169959,265,13489.597945800391,1.334867190795091
2020-12-18,4,353,51.038065529985055,227,11585.640875306608,1.3680557499578267
2020-12-19,5,354,50.8808905127769,261,13279.91242383477,1.284060878770366
2020-12-20,6,355,50.76123187778969,179,9086.260506124354,1.1478910695705662
2020-12-21,0,356,50.81238898164093,186,9451.104350585212,1.063812241455192
2020-12-22,1,357,50.69027199625344,208,10543.576575220715,1.09683291164033
2020-12-23,2,358,50.564089544561455,208,10517.330625268783,1.223751000575153
2020-12-24,3,359,50.577057090086626,213,10772.913160188451,1.3506250251564982
2020-12-25,4,360,50.46630660932868,257,12969.840798597472,1.383513515338397
2020-12-26,5,361,50.452316245866726,226,11402.22347156588,1.2992144307378148
2020-12-27,6,362,50.378744545602295,189,9521.582719118835,1.162736353837604
2020-12-28,0,363,50.288163035950824,193,9705.615465938508,1.078345295080879
2020-12-29,1,364,50.06716034621112,197,9863.23058820359,1.1110498642044302
2020-12-30,2,365,50.081831778957785,205,10266.775514686346,1.2376480753249908
2020-12-31,3,366,49.95072221513887,237,11838.321164987912,1.3641985401261045
2021-01-01,4,1,49.93303592671424,242,12083.794694264847,1.3967598844395288
2021-01-02,5,2,49.879201426536554,259,12918.713169472967,1.3121301648226231
2021-01-03,6,3,49.857492479485614,198,9871.783510938152,1.1753180617325334
2021-01-04,0,4,49.84175800989765,205,10217.56039202902,1.0905896845915433
2021-01-05,1,5,49.86211298041655,204,10171.871048004976,1.1229537430911516
2021-01-06,2,6,49.785608033145394,228,11351.11863155715,1.2492083522487518
2021-01-07,3,7,49.91624522105356,233,11630.485136505478,1.3754122255645351
2021-01-08,4,8,49.722039191732016,271,13474.672620959376,1.4076240915728389
2021-01-09,5,9,49.69821903369417,238,11828.176130019214,1.3226421103889587
2021-01-10,6,10,49.786126954109214,223,11102.306310766355,1.1854750668527492
2021-01-11,0,11,49.83624717786045,241,12010.535569864369,1.1003891755630082
2021-01-12,1,12,49.73376859156479,212,10543.558941411735,1.1323932521503943
2021-01-13,2,13,49.64880261628083,248,12312.903048837647,1.2582855183027224
2021-01-14,3,14,49.54296458507132,264,13079.342650458828,1.3841247948902151
2021-01-15,4,15,49.60595777278248,257,12748.731147605098,1.415969918485097
2021-01-16,5,16,49.52817405264487,280,13867.888734740563,1.3306191578763664
2021-01-17,6,17,49.55499360461012,214,10604.768631386565,1.1930814071811588
2021-01-18,0,18,49.58277801864114,211,10461.966161933282,1.1076229908468314
2021-01-19,1,19,49.8317529435007,242,12059.28421232717,1.1392528348912359
2021-01-20,2,20,49.864683159665084,229,11419.012443563304,1.2647692718953587
2021-01-21,3,21,49.77941248026516,268,13340.882544711063,1.3902312340957288
2021-01-22,4,22,49.62591568733045,247,12257.60117477062,1.4216976698709596
2021-01-23,5,23,49.59691695472103,237,11754.469318268884,1.3359669602234214
2021-01-24,6,24,49.58439817814618,226,11206.073988261036,1.1980481118573487
2021-01-25,0,25,49.35200066645686,251,12387.352167280671,1.1122075621475624
2021-01-26,1,26,49.27695748283752,174,8574.190602013728,1.143454350346288
2021-01-27,2,27,49.30821636274925,233,11488.814412520574,1.2685869225422115
2021-01-28,3,28,49.25225302102383,258,12707.081279424148,1.3936643247193126
2021-01-29,4,29,49.35407859920489,255,12585.290042797247,1.4247456192096148
2021-01-30,5,30,49.19025798243136,230,11313.759335959214,1.3386293011411714
2021-01-31,6,31,49.26141459198406,226,11133.079697788397,1.2003244914823215
2021-02-01,0,32,49.357486310124656,209,10315.714638816053,1.1140977419765452
2021-02-02,1,33,49.458037017342455,226,11177.516365919395,1.1449582063153938
2021-02-03,2,34,49.293427977105296,238,11731.83585855106,1.2697044450636552
2021-02-04,3,35,49.32649501590747,261,12874.21519915185,1.39439561868425
2021-02-05,4,36,49.25619292774453,273,13446.940669274256,1.4250909039570587
2021-02-06,5,37,49.10837365128985,265,13013.719017591811,1.3385889103929927
2021-02-07,6,38,49.06486623281859,204,10009.232711494991,1.199898873244371
2021-02-08,0,39,48.96973135318183,187,9157.339763045002,1.1132874584058663
2021-02-09,1,40,49.06652429814646,207,10156.770529716317,1.143763933553702
2021-02-10,2,41,49.120459553832745,234,11494.187535596862,1.268126973036948
2021-02-11,3,42,48.999310015675135,262,12837.819224106885,1.3924358508687182
2021-02-12,4,43,48.9231769957141,260,12720.026018885666,1.422749857111393
2021-02-13,5,44,48.88315657081073,261,12758.503864981602,1.335867714257093
2021-02-14,6,45,48.875545054247,223,10899.24654709708,1.196798770204579
2021-02-15,0,46,48.9813395342226,217,10628.950678926303,1.1098098031268189
2021-02-16,1,47,49.05395731506709,234,11478.626011725699,1.1399101925768989
2021-02-17,2,48,49.0593598428926,247,12117.661881194472,1.263898724346207
2021-02-18,3,49,49.03195940091043,246,12061.862012623966,1.3878347834225708
2021-02-19,4,50,48.84553738386072,293,14311.742453471192,1.4177777703426304
2021-02-20,5,51,48.9813573040715,258,12637.190184450448,1.3305265175395111
2021-02-21,6,52,48.93435673454979,241,11793.1799730265,1.1910904822872388
2021-02-22,0,53,49.09780771396715,197,9672.268119651528,1.1037365515358235
2021-02-23,1,54,49.118423501389145,190,9332.500465263938,1.1334742129849615
2021-02-24,2,55,49.33132941859575,244,12036.844378137363,1.2571023599101725
2021-02-25,3,56,49.3950683455246,254,12546.347359763247,1.3806804840890896
2021-02-26,4,57,49.244528756194335,222,10932.285383875142,1.4102680921221897
2021-02-27,5,58,49.17993896143166,253,12442.52455724221,1.3226641217490518
2021-02-28,6,59,49.162158822831714,222,10913.99925866864,1.1828781347614916
2021-03-01,0,60,49.070303296467905,189,9274.287323032435,1.0951771218077997
2021-03-02,1,61,49.03066516628199,187,9168.734386094733,1.1245706734356076
2021-03-03,2,62,48.886967094631274,226,11048.454563386667,1.2478577848876087
2021-03-04,3,63,48.88756853841621,268,13101.868368295545,1.3710980489976072
2021-03-05,4,64,48.91252622511757,281,13744.419869258036,1.400351072481306
2021-03-06,5,65,48.806970257512155,258,12592.198326438136,1.3124158922229034
2021-03-07,6,66,49.010937492436184,233,11419.548435737632,1.1723021681588603
2021-03-08,0,67,49.017614258635284,182,8921.205795071623,1.0842769880530367
2021-03-09,1,68,48.93175521599733,236,11547.89423097537,1.1133500385107833
2021-03-10,2,69,48.76045157485579,257,12531.436054737938,1.2363204097461966
2021-03-11,3,70,48.766753009386704,279,13605.924089618891,1.3592477884500664
2021-03-12,4,71,48.73936942057268,288,14036.938393124932,1.3881918740527737
2021-03-13,5,72,48.821685789735305,234,11424.274474798061,1.2999517949834862
2021-03-14,6,73,48.80661413824359,226,11030.294795243051,1.1595373015267618
2021-03-15,0,74,48.6811256803058,211,10271.717518544523,1.071215570570921
2021-03-16,1,75,48.85675822102642,206,10064.492193531441,1.099996376595733
2021-03-17,2,76,48.90255283796694,218,10660.756518676792,1.2226788964136288
2021-03-18,3,77,48.8758399212895,269,13147.600938826874,1.3453229020119923
2021-03-19,4,78,48.89314737739696,272,13298.936086651973,1.3739881767907516
2021-03-20,5,79,48.942980550008755,239,11697.372351452093,1.2854739317967512
2021-03-21,6,80,48.7927734696184,201,9807.3474673933,1.1447899985558412
2021-03-22,0,81,48.80935091213064,230,11226.150709790047,1.0562036337971392
2021-03-23,1,82,48.76203214544599,205,9996.216589816428,1.0847246904171388
2021-03-24,2,83,48.81536153412124,244,11910.948214325583,1.20715242219763
2021-03-25,3,84,48.73755067138542,265,12915.450927917136,1.3295466766251676
2021-03-26,4,85,48.67398201146701,254,12363.19143091262,1.3579673111063661
2021-03-27,5,86,48.84878962361796,233,11381.767982302985,1.2692136091802606
2021-03-28,6,87,48.97818798982966,197,9648.703033996442,1.1282954733289554
2021-03-29,0,88,48.631745513882535,197,9580.453866234859,1.0394802296808565
2021-03-30,1,89,48.753348926291466,177,8629.34275995359,1.0677777989542132
2021-03-31,2,90,48.74560633286296,206,10041.59490456977,1.1899875011549512
2021-04-01,3,91,48.67115942264219,251,12216.46101508319,1.3121692483764689
2021-04-02,4,92,48.56528121553411,219,10635.79658620197,1.340382960995877
2021-04-03,5,93,48.46550620206898,248,12019.445538113107,1.251427983867618
2021-04-04,6,94,48.394028635935655,203,9823.987813094938,1.1103142791159668
2021-04-05,0,95,48.27553998356741,198,9558.556916746347,1.0213092308206395
2021-04-06,1,96,48.13313908888768,204,9819.160374133087,1.0494228159430883
2021-04-07,2,97,48.02377019670156,222,10661.276983667747,1.1714544090077004
2021-04-08,3,98,48.05776664275029,268,12879.481460257077,1.293463974885475
2021-04-09,4,99,48.063032318046176,275,13217.333887462699,1.3215114849745648
2021-04-10,5,100,48.121466155207926,256,12319.09533573323,1.2323963333788064
2021-04-11,6,101,48.1144890941951,225,10825.760046193898,1.0911285296856243
2021-04-12,0,102,47.977125774913006,196,9403.516651882948,1.0019755036375797
2021-04-13,1,103,48.029103367920825,180,8645.238606225748,1.0299472760451267
2021-04-14,2,104,47.923486441903265,234,11214.095827405365,1.1518432634548124
2021-04-15,3,105,47.99146110464829,237,11373.976281801644,1.2737234709205396
