data/processed/21754_timeseries.csv
date,day_of_week,day_of_year,price,demand,revenue,seasonal
2021-12-07,1,341,48.588355472892005,208,10106.377938361537,1.13620773513086
2021-12-08,2,342,48.53090299856857,224,10870.92227167936,1.2637103657204263
2021-12-09,3,343,48.53295228769458,243,11793.507405909782,1.3911788929939661
2021-12-10,4,344,48.290955627400635,262,12652.230374378967,1.4246716707415137
2021-12-11,5,345,48.37989176137652,250,12094.97294034413,1.3409864795166102
2021-12-12,6,346,48.5699488396308,207,10053.979409803575,1.2051317198922402
2021-12-13,0,347,48.45798996630752,231,11193.795682217038,1.1213732176091573
2021-12-14,1,348,48.35913851325794,202,9768.545979678103,1.154719394964023
2021-12-15,2,349,48.40548555863193,225,10891.234250692185,1.281968075951198
2021-12-16,3,350,48.56042560154608,270,13111.314912417442,1.4091776795059687
2021-12-17,4,351,48.56020512321559,260,12625.653332036052,1.4424066361430539
2021-12-18,5,352,48.43097433197871,238,11526.571891010934,1.358452804591882
2021-12-19,6,353,48.40904365976865,230,11134.080041746789,1.222324665029362
2021-12-20,0,354,48.30077311023993,198,9563.553075827505,1.1382881242046232
2021-12-21,1,355,48.23046133234363,218,10514.240570450911,1.171351686803149
2021-12-22,2,356,48.19849932483467,255,12290.61732783284,1.2983132605641545
2021-12-23,3,357,48.10080503432474,252,12121.402868649835,1.4252313494989823
2021-12-24,4,358,48.01902849599959,308,14789.860776767875,1.4581644705044583
2021-12-25,5,359,48.02686380603304,266,12775.145772404789,1.3739105699724568
2021-12-26,6,360,48.049469224383934,244,11724.07049074968,1.2374782169968113
2021-12-27,0,361,47.8997747579156,228,10921.148644804756,1.153133408471651
2021-12-28,1,362,47.94144397838132,206,9875.937459546552,1.1858847404288333
2021-12-29,2,363,47.90129357425725,259,12406.435035732628,1.312530213128253
2021-12-30,3,364,47.97701032534226,281,13481.539901421176,1.439128424248821
2021-12-31,4,365,48.059059323607364,263,12639.532602108737,1.4717379854740578
2022-01-01,5,1,48.00181499261694,246,11808.446488183768,1.3871569390735765
2022-01-02,6,2,48.06637663662859,236,11343.664886244347,1.2503939510816113
2022-01-03,0,3,47.97839249468193,212,10171.419208872569,1.1657151163665862
2022-01-04,1,4,48.117551618597226,227,10922.68421742157,1.1981291299395078
2022-01-05,2,5,48.03354324826971,286,13737.593369005137,1.3244340920149915
2022-01-06,3,6,48.07062568768684,315,15142.247091621355,1.450688701172586
2022-01-07,4,7,48.050903469517756,300,14415.271040855327,1.4829516709124972
2022-01-08,5,8,47.94400348069916,281,13472.264978076464,1.398021146206889
2022-01-09,6,9,48.038711322577484,228,10952.826181547667,1.2609058966479467
2022-01-10,0,10,47.974151348478074,233,11177.977264195391,1.1758721214867993
2022-01-11,1,11,47.7954330125224,241,11518.699356017898,1.2079286209109696
2022-01-12,2,12,47.49246432502909,281,13345.382475333174,1.3338736010742331
2022-01-13,3,13,47.400476152469956,283,13414.334751148997,1.4597658672265488
2022-01-14,4,14,47.545117108418815,273,12979.816970598336,1.4916642402381786
2022-01-15,5,15,47.67733556985252,267,12729.848597150622,1.406366973119151
2022-01-16,6,16,47.601793652671844,264,12566.873524305367,1.2688829441353544
2022-01-17,0,17,47.56242946530118,238,11319.858212741681,1.183478461815215
2022-01-18,1,18,47.513555956906046,233,11070.658537959109,1.2151624361947901
2022-01-19,2,19,47.3733802755122,261,12364.452251908684,1.3407331838150673
2022-01-20,3,20,47.27363530192139,262,12385.692449103404,1.4662496208191862
2022-01-21,4,21,47.376777634960675,254,12033.701519280012,1.4977706794436947
2022-01-22,5,22,47.429748328638446,279,13232.899783690127,1.4120947245050162
2022-01-23,6,23,47.45845651372018,236,11200.195737237962,1.2742307464824099
2022-01-24,0,24,47.31810060083107,231,10930.481238791977,1.1884451664914026
2022-01-25,1,25,47.32868692252276,241,11406.213548327985,1.219747007495507
2022-01-26,2,26,47.08649759213513,263,12383.74886673154,1.3449346992701305
2022-01-27,3,27,47.17509635730753,283,13350.55226911803,1.4700672714660517
2022-01-28,4,28,47.20227877751981,314,14821.51553614122,1.5012037700672718
2022-01-29,5,29,47.060862601038906,272,12800.554627482583,1.4151426738436579
2022-01-30,6,30,47.230787673504594,247,11666.004555355634,1.2768930874001514
2022-01-31,0,31,47.04196771303363,205,9643.603381171893,1.190721546116377
2022-02-01,1,32,47.09771560444144,254,11962.819763528125,1.2216371873245
2022-02-02,2,33,47.15607746505263,263,12402.048373308842,1.3464385552392353
2022-02-03,3,34,47.02575838647555,291,13684.495690464386,1.471184793987497
2022-02-04,4,35,47.021779371575064,285,13401.207120898893,1.5019350640322124
2022-02-05,5,36,46.849709529940306,282,13211.618087443167,1.4154879585911202
2022-02-06,6,37,46.55048736055235,262,12196.227688464716,1.2768526966519724
2022-02-07,0,38,46.438227971677364,211,9798.466102023924,1.1902959278784158
2022-02-08,1,39,46.373405909496704,255,11825.21850692166,1.2208269037538202
2022-02-09,2,40,46.44113267718079,266,12353.34129213009,1.3452442824775424
2022-02-10,3,41,46.4482188827197,313,14538.292510291267,1.4696073219607817
2022-02-11,4,42,46.45805275282363,276,12822.422559779323,1.499975296216678
2022-02-12,5,43,46.35141272412049,250,11587.853181030123,1.4131469117454587
2022-02-13,6,44,46.295695831480714,230,10648.010041240565,1.274131500516081
2022-02-14,0,45,46.19793825406703,237,10948.911366213886,1.1871958248386298
2022-02-15,1,46,46.069164122806484,241,11102.668553596362,1.2173492484747703
2022-02-16,2,47,46.006752081815065,273,12559.843318335514,1.3413905415007197
2022-02-17,3,48,46.01458511958066,292,13436.258854917553,1.465379073270042
2022-02-18,4,49,45.95438708481257,295,13556.54419001971,1.4953742287705387
2022-02-19,5,50,45.92037919976636,289,13270.989588732478,1.4081748249766983
2022-02-20,6,51,45.99343140378184,259,11912.298733579497,1.2687903037984911
2022-02-21,0,52,45.94079011109177,226,10382.61856510674,1.1814875369212914
2022-02-22,1,53,45.80055824245602,286,13098.959657342422,1.2112759968837852
2022-02-23,2,54,45.8597907137848,255,11694.246632015123,1.3349545619087935
2022-02-24,3,55,45.88773788436647,276,12665.015656085146,1.4585827088340109
2022-02-25,4,56,45.922287875725296,310,14235.909241474841,1.4882199294370513
2022-02-26,5,57,45.98807852023769,282,12968.63814270703,1.400665146756246
2022-02-27,6,58,46.03608249063961,262,12061.453612547577,1.26092790800804
2022-02-28,0,59,46.039102564856705,205,9438.016025795625,1.1732751893955418
2022-03-01,1,60,46.29050156380869,226,10461.653353420765,1.2027165671557565
2022-03-02,2,61,46.15542054735251,259,11954.2539217643,1.3260510223594382
2022-03-03,3,62,46.09377403472435,286,13182.819373931163,1.4493381338114486
2022-03-04,4,63,46.195464063847446,288,13304.293650388065,1.4786374943455716
2022-03-05,5,64,46.210453300997706,256,11829.876045055413,1.390748127115367
2022-03-06,6,65,46.290129179593535,252,11665.112553257572,1.2506796784818999
2022-03-07,0,66,46.307974649468036,247,11438.069738418604,1.1626992227929165
2022-03-08,1,67,46.452420929685466,240,11148.581023124512,1.1918164334009922
2022-03-09,2,68,46.34650738831627,233,10798.736221477691,1.3148303874346072
2022-03-10,3,69,46.487632101998685,266,12365.71013913165,1.4378007586700265
2022-03-11,4,70,46.61073190269336,264,12305.233222311046,1.4667872337980281
2022-03-12,5,71,46.48350150566884,282,13108.347424598613,1.3785889286868342
2022-03-13,6,72,46.54979955755263,238,11078.852294697526,1.2382155812424824
2022-03-14,0,73,46.545275028990005,231,10751.958531696691,1.149934356160816
2022-03-15,1,74,46.4815087187646,223,10365.376444284506,1.178755015918874
2022-03-16,2,75,46.282969570960475,241,11154.195666601474,1.3014767255195556
2022-03-17,3,76,46.17670882451409,265,12236.827838496232,1.42415924533746
2022-03-18,4,77,46.25114838418149,271,12534.061212113184,1.4528623473599473
2022-03-19,5,78,46.33670260968471,248,11491.502247201808,1.3643852314248004
2022-03-20,6,79,46.31455188736083,235,10883.919693529795,1.2237377180557394
2022-03-21,0,80,46.40043660936905,248,11507.308279123525,1.1351870531898927
2022-03-22,1,81,46.49980610182158,240,11159.953464437178,1.1637430791451029
2022-03-23,2,82,46.51606246825548,250,11629.01561706387,1.286205039340978
2022-03-24,3,83,46.440127889760106,268,12445.954274455707,1.4086327711214646
2022-03-25,4,84,46.48649324926225,293,13620.54252203384,1.4370861219731248
2022-03-26,5,85,46.53768701525733,278,12937.47699024154,1.3483643657404176
2022-03-27,6,86,46.60853472540239,240,11186.048334096575,1.2074773954392493
2022-03-28,0,87,46.69950935314555,239,11161.182735401786,1.1186925279630047
2022-03-29,1,88,46.556313205001665,240,11173.5151692004,1.147019675028817
2022-03-30,2,89,46.50270741810375,239,11114.147072926797,1.2692581478780514
2022-03-31,3,90,46.303116803951454,250,11575.779200987863,1.3914678500787787
2022-04-01,4,91,46.381643993379356,261,12105.609082272013,1.4197086937244339
2022-04-02,5,92,46.35932497100545,221,10245.410818592205,1.330780015629933
2022-04-03,6,93,46.40461385662303,237,10997.893484019658,1.189691770126606
2022-04-04,0,94,46.24948464757262,186,8602.404144448508,1.1007113337500218
2022-04-05,1,95,46.39676131695219,211,9789.71663787691,1.1288486761685994
2022-04-06,2,96,46.27120764195853,240,11105.089834070048,1.2509031648669195
2022-04-07,3,97,46.35263281184438,264,12237.095062326916,1.3729347579315287
2022-04-08,4,98,46.36503220211842,275,12750.383855582566,1.401003420233443
2022-04-09,5,99,46.34511722518053,270,12513.181650798742,1.311908539608623
2022-04-10,6,100,46.31671692212872,237,10977.061910544506,1.1706601196377946
2022-04-11,0,101,46.24964120522154,197,9111.179317428645,1.0815255843196772
2022-04-12,1,102,46.3857973697893,200,9277.15947395786,1.1095149489855458
2022-04-13,2,103,46.38712328101446,241,11179.296710724486,1.2314276249689693
2022-04-14,3,104,46.253697674421616,248,11470.917023256561,1.3533236123786532
2022-04-15,4,105,46.21333425350663,305,14095.066947319523,1.3812629162685004
2022-04-16,5,106,46.226825761603976,243,11233.118660069766,1.292044962806171
2022-04-17,6,107,46.3212066174391,212,9820.095802897089,1.150679792041535
2022-04-18,0,108,46.25764659183383,202,9344.044611550435,1.0614348625690924
2022-04-19,1,109,46.20111338509753,210,9702.23381087048,1.0893202224322573
2022-04-20,2,110,46.20357666333827,213,9841.36182929105,1.2111353137835086
2022-04-21,3,111,46.29539454826045,254,11759.030215258153,1.3329401656479547
2022-04-22,4,112,46.15150563697024,260,11999.391465612263,1.360794810084937
2022-04-23,5,113,46.20463052224209,230,10627.06502011568,1.2714986983485361
2022-04-24,6,114,46.15584642655929,223,10292.753753122723,1.1300618936486055
2022-04-25,0,115,46.1217407854375,205,9454.956861014689,1.0407518758063246
2022-04-26,1,116,46.332154374829685,218,10100.409653712872,1.0685787121521988
2022-04-27,2,117,46.311500749882654,258,11948.367193469725,1.1903418621804898
2022-04-28,3,118,46.3908371533541,235,10901.846731038213,1.312101370307642
2022-04-29,4,119,46.46641223029921,244,11337.804584193007,1.3399172820293246
2022-04-30,5,120,46.34236343127763,241,11168.50958693791,1.2505890600769711
2022-05-01,6,121,46.14836825284938,207,9552.712228339822,1.1091267771753341
2022-05-02,0,122,46.234673150034745,204,9431.873322607087,1.0197979206953833
2022-05-03,1,123,46.120766472168526,221,10192.689390349244,1.047612563549905
2022-05-04,2,124,45.94582095250553,235,10797.2679238388,1.1693701688463563
2022-05-05,3,125,46.05369519880841,246,11329.20901890687,1.2911307826442073
2022-05-06,4,126,45.94652901301804,258,11854.204485358656,1.3189544501114923
2022-05-07,5,127,45.8653189087677,245,11237.003132648086,1.2296406316814477
2022-05-08,6,128,46.07287285388956,216,9951.740536440144,1.0881993958107328
2022-05-09,0,129,45.89839488288138,184,8445.304658450174,0.9988982236336732
2022-05-10,1,130,45.766329106245685,206,9427.863795886611,1.026747179859575
2022-05-11,2,131,45.71800381232153,200,9143.600762464306,1.148545717428076
2022-05-12,3,132,45.69274705940144,242,11057.644788375148,1.27035387026958
2022-05-13,4,133,45.598793006815484,257,11718.889802751579,1.298231669465226
2022-05-14,5,134,45.476990582656185,275,12506.17241023045,1.20897855940788
2022-05-15,6,135,45.63572718132782,217,9902.952798348138,1.067604590565023
2022-05-16,0,136,45.66337332685484,201,9178.338038697822,0.978377224138264
2022-05-17,1,137,45.724888588602376,190,8687.72883183445,1.0063065029666907
2022-05-18,2,138,45.71046293320317,219,10010.591382371495,1.1281918561886215
2022-05-19,3,139,45.74089158668029,256,11709.668246190155,1.2500932920091106
2022-05-20,4,140,45.83896191329253,247,11322.223592583254,1.2780708138675352
2022-05-21,5,141,45.73422700517403,236,10793.27757322107,1.1889238366067825
2022-05-22,6,142,45.76206761663387,184,8420.220441460633,1.0476623792449096
2022-05-23,0,143,45.835238348188426,207,9487.894338075004,0.9585538696438974
2022-05-24,1,144,45.997633578709745,204,9383.517250056788,0.9866083154230401
2022-05-25,2,145,46.20240361242045,210,9702.504758608295,1.1086251086309746
2022-05-26,3,146,46.20974755165078,248,11460.017392809394,1.2306642185242502
2022-05-27,4,147,46.32944579889842,245,11350.714220730113,1.258785607746446
2022-05-28,5,148,46.04874714409723,228,10499.114348854167,1.1697886485094404
2022-05-29,6,149,46.21192928672102,170,7856.027978742574,1.0286833153777115
2022-05-30,0,150,46.13562151414961,189,8719.632466174276,0.9397369899502608
2022-05-31,1,151,46.11027639305775,178,8207.62919796428,0.9679596317877143
2022-06-01,2,152,46.15664704781738,234,10800.655409189267,1.0901505830985885
2022-06-02,3,153,46.140516576937,254,11719.691210541998,1.212369761532618
2022-06-03,4,154,46.16116853619646,243,11217.16395429574,1.2406770763752153
2022-06-04,5,155,46.32807312479875,233,10794.441038078108,1.1518718447444454
2022-06-05,6,156,46.287682388123216,175,8100.344417921563,1.0109639843917892
2022-06-06,0,157,46.17342064100612,180,8311.2157153811,0.9222208184008007
2022-06-07,1,158,46.36405916186931,197,9133.719654888253,0.9506522461315736
2022-06-08,2,159,46.41943470782754,195,9051.78976802637,1.0730575479248492
2022-06-09,3,160,46.621508100977614,244,11375.647976638538,1.1954965779136832
2022-06-10,4,161,46.71229630613723,242,11304.375706085211,1.224029180236737
2022-06-11,5,162,46.57315480844445,215,10013.228283815557,1.1354546052545447
2022-06-12,6,163,46.64100020757735,197,9188.277040892737,0.9947827023700329
2022-06-13,0,164,46.537563680220536,181,8423.299026119917,0.9062807247474689
2022-06-14,1,165,46.53834494080025,194,9028.438918515249,0.9349585002776174
2022-06-15,2,166,46.53038554207624,195,9073.425180704866,1.057615236303063
2022-06-16,3,167,46.36033030015454,237,10987.398281136626,1.1803107124514716
2022-06-17,4,168,46.27488443430587,239,11059.697379799103,1.2091046968709696
2022-06-18,5,169,46.50670247878284,207,9626.887413108048,1.120796362468934
2022-06-19,6,170,46.53176165803433,176,8189.5900518140415,0.9803954797554593
2022-06-20,0,171,46.51330229517097,173,8046.801297064579,0.892169221585687
2022-06-21,1,172,46.703880512997564,185,8640.21789490455,0.9211273341487594
2022-06-22,2,173,46.66222668398888,174,8119.227443014064,1.0440689417173503
2022-06-23,3,174,46.65261621256292,222,10356.880799188968,1.1670537395055396
2022-06-24,4,175,46.756773342686074,220,10286.490135390937,1.196141409929212
2022-06-25,5,176,46.71464640445255,198,9249.499988081605,1.1081310388702281
2022-06-26,6,177,46.63616918034296,209,9746.959358691678,0.9680323085457235
2022-06-27,0,178,46.399245357636985,179,8305.46491901702,0.8801123022765622
2022-06-28,1,179,46.30079693665763,172,7963.737073105113,0.909380675502852
2022-06-29,2,180,46.20134674388695,230,10626.309751093999,1.0326364605603227
2022-06-30,3,181,46.21801590448844,234,10815.015721650294,1.1559392595654756
2022-07-01,4,182,46.153842107829256,225,10384.614474261583,1.1853486607035746
2022-07-02,5,183,46.38070163445766,205,9508.04383506382,1.0976636545207374
2022-07-03,6,184,46.26951948209735,165,7634.470714546063,0.9578938268214715
2022-07-04,0,185,46.41676102295287,163,7565.932046741318,0.870306163465695
2022-07-05,1,186,46.439862326103864,161,7476.817834502722,0.8999102214131067
2022-07-06,2,187,46.52467361595673,208,9677.132112119,1.023504933528851
2022-07-07,3,188,46.60309815775447,201,9367.222729708648,1.1471498014979964
2022-07-08,4,189,46.36990843151703,217,10062.270129639195,1.1769043121434024
2022-07-09,5,190,46.36869396803421,220,10201.112672967525,1.0895673537477883
2022-07-10,6,191,46.34112750509657,187,8665.79084345306,0.9501484089815894
2022-07-11,0,192,46.222024349401984,185,8551.074504639368,0.8629143597305377
2022-07-12,1,193,46.27034206333512,169,7819.687808703636,0.8928746581708435
2022-07-13,2,194,46.45079159669853,180,8361.142487405736,1.0168281316059062
2022-07-14,3,195,46.16979484074935,232,10711.39240305385,1.1408341754120748
2022-07-15,4,196,46.11360926636438,231,10652.243740530172,1.1709521693880118
2022-07-16,5,197,45.98264938099792,213,9794.304318152557,1.0839808941084952
2022-07-17,6,198,45.99019495107899,175,8048.284116438824,0.94492972388411
2022-07-18,0,199,45.955964348946246,170,7812.513939320862,0.8580654316211037
2022-07-19,1,200,45.89229315555805,175,8031.151302222659,0.8883973599286963
2022-07-20,2,201,45.9647768509726,191,8779.272378535767,1.012724225988339
2022-07-21,3,202,46.13677872564033,216,9965.544204738311,1.137105314532089
2022-07-22,4,203,46.41654710882307,214,9933.141081288137,1.1675998942247576
2022-07-23,5,204,46.338794366622,220,10194.53476065684,1.0810066340506457
2022-07-24,6,205,46.14737669900349,172,7937.348792228599,0.9423347963062862
2022-07-25,0,206,46.206161648389504,164,7577.8105103358785,0.8558510414935708
2022-07-26,1,207,46.375462198041554,174,8069.33042245923,0.8865645994602369
2022-07-27,2,208,46.46100051805469,172,7991.292089105406,1.0112740743026036
2022-07-28,3,209,46.62986609669667,215,10025.421210789784,1.1360386373775386
2022-07-29,4,210,46.60616204260982,205,9554.263218735012,1.1669174437180239
