data/processed/21754_timeseries.csv
date,day_of_week,day_of_year,price,demand,revenue,seasonal
2022-07-30,5,211,46.542081157244134,215,10006.547448807489,1.0807090484537387
2022-07-31,6,212,46.55421623815734,178,8286.650490392007,0.942422599837462
2022-08-01,0,213,46.51946717467166,159,7396.5952807727945,0.8563246441719243
2022-08-02,1,214,46.589174250946044,176,8199.694668166503,0.8874242969842672
2022-08-03,2,215,46.69112009013954,195,9104.76841757721,1.0125200479625769
2022-08-04,3,216,46.8012988062748,252,11793.92729918125,1.1376709540017662
2022-08-05,4,217,46.85497433508889,232,10870.354045740623,1.168936055653058
2022-08-06,5,218,46.88081615408292,183,8579.189356197176,1.0831137935784922
2022-08-07,6,219,46.964329441851795,166,7796.078687347398,0.9452132016112642
2022-08-08,0,220,46.75797193864862,163,7621.549425999726,0.859500711716403
2022-08-09,1,221,46.7801079721849,188,8794.660298770761,0.8909853251992742
2022-08-10,2,222,46.785624673913745,191,8936.054312717526,1.0164654176757952
2022-08-11,3,223,46.80802453115351,225,10531.805519509538,1.1419999321521992
2022-08-12,4,224,46.79881319607039,238,11138.117540664753,1.1736477955082485
2022-08-13,5,225,46.84421156018381,212,9930.972850758968,1.0882073349854275
2022-08-14,6,226,46.783807019666476,196,9169.62617585463,0.9506874712808904
2022-08-15,0,227,46.90254700723487,156,7316.79733312864,0.8653545235416649
2022-08-16,1,228,46.9523389524175,196,9202.65843467383,0.8972173806065862
2022-08-17,2,229,46.968179648081964,219,10286.03134292995,1.0230743060098377
2022-08-18,3,230,46.89485393675419,197,9238.286225540574,1.148984131093913
2022-08-19,4,231,46.98056328486458,212,9959.879416391292,1.1810056715259711
2022-08-20,5,232,47.0022881728928,193,9071.44161736831,1.0959371438188736
2022-08-21,6,233,46.922868758989985,176,8258.424901582237,0.9587873584580836
2022-08-22,0,234,46.916912272682296,177,8304.293472264766,0.8738225249284295
2022-08-23,1,235,46.98304393532902,182,8550.913996229881,0.9060514229885541
2022-08-24,2,236,47.041027535699484,190,8937.795231782902,1.0322722077067847
2022-08-25,3,237,47.09222385201778,234,11019.580381372161,1.1585436026062428
2022-08-26,4,238,47.1019511193046,254,11963.89558430337,1.1909243162131558
2022-08-27,5,239,47.20978934156317,203,9583.587236337324,1.106212458609636
2022-08-28,6,240,47.33991142459592,178,8426.504233578073,0.9694167345920846
2022-08-29,0,241,47.41742170542432,151,7160.030677519072,0.8848032487293116
2022-08-30,1,242,47.355666494992654,176,8334.597303118708,0.9173806766680661
2022-08-31,2,243,47.24443884633871,186,8787.465625419,1.0439470701997522
2022-09-01,3,244,47.18725773837408,198,9343.077032198067,1.170561050436142
2022-09-02,4,245,47.39263389252776,251,11895.551107024468,1.2032812243880333
2022-09-03,5,246,47.42224688543585,201,9531.871623972605,1.1189056015481094
2022-09-04,6,247,47.64578689317835,202,9624.448952422026,0.9824427870791537
2022-09-05,0,248,47.633151166064465,183,8716.866663389797,0.898158786901695
2022-09-06,1,249,47.60594364542744,175,8331.040137949802,0.9310621790287533
2022-09-07,2,250,47.59815852826105,210,9995.613290934822,1.057950918661523
2022-09-08,3,251,47.58846882299752,222,10564.64007870545,1.1848835313936672
2022-09-09,4,252,47.50713956743539,232,11021.65637964501,1.2179185298182966
2022-09-10,5,253,47.386368076094065,252,11941.364755175704,1.1338538301388068
2022-09-11,6,254,47.439070572852216,206,9772.448538007557,0.9976979453847369
2022-09-12,0,255,47.54996592466797,154,7322.694752398867,0.9137167905267175
2022-09-13,1,256,47.806992066557314,195,9322.363452978676,0.9469188538381768
2022-09-14,2,257,47.76139844379054,200,9552.279688758108,1.074102002017578
2022-09-15,3,258,47.72432589882667,251,11978.805800605494,1.2013246734189702
2022-09-16,4,259,47.64325121330218,233,11100.877532699407,1.2346452946848285
2022-09-17,5,260,47.7615921502705,185,8835.894547800042,1.1508616973823336
2022-09-18,6,261,47.847266867348054,194,9282.369772265523,1.0149823112443421
2022-09-19,0,262,47.75508002231692,177,8452.649163950095,0.9312729693089754
2022-09-20,1,263,47.660237377323526,197,9389.066763332734,0.9647420793056065
2022-09-21,2,264,47.76036951061543,236,11271.447204505243,1.092187428801009
2022-09-22,3,265,47.80065261147396,215,10277.140311466901,1.2196673784533283
2022-09-23,4,266,47.88037744409519,203,9719.716621151323,1.2532402786679395
2022-09-24,5,267,47.7875773167048,222,10608.842164308466,1.1697038862563258
2022-09-25,6,268,47.59018342368444,196,9327.675951042149,1.0340665576991963
2022-09-26,0,269,47.498203627166504,164,7789.705394855307,0.9505940543077878
2022-09-27,1,270,47.57050439653699,196,9323.81886172125,0.9842947136310911
2022-09-28,2,271,47.79242719300392,207,9893.03242895181,1.1119662546228537
2022-09-29,3,272,47.74728023327928,236,11268.35813505391,1.2396669709157657
2022-09-30,4,273,47.98652723964924,240,11516.766537515818,1.2734551474972942
2022-10-01,5,274,48.07376118832761,236,11345.407640445315,1.1901284773878835
2022-10-02,6,275,47.92732010187109,191,9154.118139457378,1.054695254922999
2022-10-03,0,276,47.949820188702574,170,8151.469432079438,0.9714211809328362
2022-10-04,1,277,48.04064459517607,199,9560.088274440037,1.0053145341674745
2022-10-05,2,278,47.785668202733454,177,8458.06327188382,1.1331729764812983
2022-10-06,3,279,47.853415467184696,263,12585.448267869575,1.2610547461241035
2022-10-07,4,280,47.97669657378445,261,12521.917805757741,1.2950180744333413
2022-10-08,5,281,48.01862717466067,228,10948.246995822634,1.211860602528233
2022-10-09,6,282,48.012138795935705,208,9986.524869554627,1.0765905746070976
2022-10-10,0,283,47.993960066942215,188,9022.864492585137,0.9934736431421589
2022-10-11,1,284,47.96964254541218,180,8634.535658174193,1.0275180403187352
2022-10-12,2,285,47.846018879325385,227,10861.046285606863,1.1555213832336206
2022-10-13,3,286,47.77374364436823,241,11513.472218292743,1.2835418671994323
2022-10-14,4,287,47.72994962424265,256,12218.867103806118,1.317637682449578
2022-10-15,5,288,47.7418806005363,245,11696.760747131393,1.2346064308445484
2022-10-16,6,289,47.683346022431905,213,10156.552702777995,1.099456319180887
2022-10-17,0,290,47.59197970566639,194,9232.84406289928,1.0164529643969977
2022-10-18,1,291,47.67184983497488,188,8962.307768975277,1.0506045650229956
2022-10-19,2,292,47.710810247193194,225,10734.93230561847,1.1787087063889634
2022-10-20,3,293,47.65412429732682,228,10865.140339790514,1.3068235539388162
2022-10-21,4,294,47.70734630037961,254,12117.665960296421,1.3410072699439395
2022-10-22,5,295,47.65970854337548,238,11343.010633323363,1.2580574302179512
2022-10-23,6,296,47.666338189668906,208,9914.598343451133,1.1229822174332944
2022-10-24,0,297,47.7688386920201,187,8932.772835407759,1.0400472263342198
2022-10-25,1,298,47.70537103121046,222,10590.592368928723,1.0742606351932082
2022-10-26,2,299,47.582122468047366,232,11039.052412586989,1.2024200110252314
2022-10-27,3,300,47.56686534443725,249,11844.149470764874,1.3305835029070412
2022-10-28,4,301,47.42353248842902,260,12330.118446991544,1.364809258695657
2022-10-29,5,302,47.394365999543396,261,12369.929525880827,1.2818948417473994
2022-10-30,6,303,47.36486427347383,218,10325.540411617294,1.1468484242381922
2022-10-31,0,304,47.10587201654782,213,10033.550739524686,1.0639355923795755
2022-11-01,1,305,47.16165449179657,221,10422.72564268704,1.0981645178778194
2022-11-02,2,306,47.14244941817086,242,11408.472759197348,1.2263327631499674
2022-11-03,3,307,47.266695065892534,283,13376.474703647587,1.3544984746445767
2022-11-04,4,308,47.2893526433575,257,12153.363629342879,1.388719799560908
2022-11-05,5,309,47.366682736932205,243,11510.103905074526,1.3057943025682728
2022-11-06,6,310,47.49178433560384,246,11682.978946558544,1.170730159125859
2022-11-07,0,311,47.47793771289296,210,9970.366919707521,1.0877929606977828
2022-11-08,1,312,47.47785117601119,203,9638.003788730271,1.1219908862106476
2022-11-09,2,313,47.312434064766265,235,11118.422005220073,1.2501215072674523
2022-11-10,3,314,47.442739194010784,257,12192.783972860772,1.3782429814655937
2022-11-11,4,315,47.427422904874525,262,12425.984801077126,1.412413469112875
2022-11-12,5,316,47.32169651626545,275,13013.466541972997,1.3294305499427321
2022-11-13,6,317,47.39945908104205,251,11897.264229341556,1.1943024164297948
2022-11-14,0,318,47.17031182753103,191,9009.529559058426,1.1112946789998175
2022-11-15,1,319,47.125184816830554,215,10131.91473561857,1.145415537481633
2022-11-16,2,320,47.22067007984444,251,11852.388190040954,1.2734625863148685
2022-11-17,3,321,47.174655020833235,259,12218.235650395807,1.4014940078611735
2022-11-18,4,322,47.09918421490941,264,12434.184632736084,1.4355679891128954
2022-11-19,5,323,47.05543637033426,234,11010.972110658218,1.3524821384003967
2022-11-20,6,324,46.84414462582234,260,12179.477602713809,1.2172446786991415
2022-11-21,0,325,46.91935855930973,207,9712.307221777113,1.1341212528305973
2022-11-22,1,326,46.90644029066989,261,12242.580915864843,1.1681200949045683
2022-11-23,2,327,46.87781244642855,269,12610.131548089279,1.2960388355167893
2022-11-24,3,328,46.84956893474871,316,14804.463783380592,1.4239356950494055
2022-11-25,4,329,46.851049059065794,321,15039.18674796012,1.457868900368389
2022-11-26,5,330,46.91974098988113,266,12480.65110330838,1.3746361015190471
2022-11-27,6,331,46.91426786371697,249,11681.652698065525,1.2392455650207477
2022-11-28,0,332,46.771127223525255,220,10289.647989175555,1.155962979054916
2022-11-29,1,333,46.83162776325342,263,12316.71810173565,1.1897966248939422
2022-11-30,2,334,46.88403938869483,258,12096.082162283266,1.3175441820847567
2022-12-01,3,335,46.90564520277254,286,13415.014527992946,1.4452639217348378
2022-12-02,4,336,47.01867883810259,310,14575.790439811803,1.4790141231946103
2022-12-03,5,337,47.02187236518273,289,13589.32111353781,1.3955924907373722
2022-12-04,6,338,47.13870463226924,216,10181.960200570156,1.2600073468379835
2022-12-05,0,339,47.28663624204317,228,10781.353063185843,1.176524437344239
2022-12-06,1,340,47.34785128458686,223,10558.57083646287,1.2101521028886943
2022-12-07,2,341,47.269225532656485,247,11675.498706566152,1.3376880840546932
2022-12-08,3,342,47.25547681865538,303,14318.40947605258,1.465190714644261
2022-12-09,4,343,47.385710283714424,281,13315.384589723753,1.4987183383419225
2022-12-10,5,344,47.22827369624568,267,12609.949076897596,1.4150687253755667
2022-12-11,6,345,47.187069970432375,253,11938.328702519391,1.279250265775598
2022-12-12,0,346,47.15101614511617,216,10184.619487345091,1.195528774526289
2022-12-13,1,347,47.06006177157144,235,11059.114516319289,1.2289126629571079
2022-12-14,2,348,47.15182227246889,258,12165.170146296974,1.356199743887855
2022-12-15,3,349,47.19143456884473,287,13543.941721258436,1.483448424875034
2022-12-16,4,350,47.11668529121001,321,15124.455978478414,1.5167171248539275
2022-12-17,5,351,47.18033921351606,257,12125.347177873628,1.4328036907771093
2022-12-18,6,352,47.1636858699513,245,11555.10303813807,1.29671659085087
2022-12-19,0,353,47.07010508198216,206,9696.441646888326,1.2127217196634088
2022-12-20,1,354,46.9951602681234,255,11983.765868371467,1.245827569552571
2022-12-21,2,355,47.040999688402735,274,12889.23391462235,1.3728320357269794
2022-12-22,3,356,47.13971213508143,313,14754.729898280488,1.4997936094879913
2022-12-23,4,357,47.08854112576673,286,13467.322761969284,1.5327707948469556
2022-12-24,5,358,47.145774960414016,274,12917.94233915344,1.4485615251385
2022-12-25,6,359,47.31205523766143,258,12206.51025131665,1.3121743562314285
2022-12-26,0,360,47.17971776655123,257,12125.187466003666,1.2278752716308516
2022-12-27,1,361,47.21710719573707,243,11473.757048564108,1.2606728538196068
2022-12-28,2,362,47.30442902004464,272,12866.80469345214,1.3873650893526808
2022-12-29,3,363,47.29442649354057,267,12627.611873775331,1.5140105620521027
2022-12-30,4,364,47.4245997411502,272,12899.491129592856,1.5466678695967935
